// Jest Snapshot v1, https://goo.gl/fbAQLP

exports[`<BurgerBuilders /> should render <BurgerBuilders /> 1`] = `ShallowWrapper {}`;
